// Jest Snapshot v1, https://goo.gl/fbAQLP

exports[`Alert should render correctly  1`] = `
<div
  className="sc-bdfBwQ gHRuNF"
>
  <p
    className="h3"
    role="alert"
  >
    
  </p>
</div>
`;
